// Jest Snapshot v1, https://goo.gl/fbAQLP

exports[`Test the global DataSource component (Custom Structure) Component renders with correct content 1`] = `<body />`;

exports[`Test the global DataSource component (Default) Component renders with correct content 1`] = `<body />`;
